<!DOCTYPE html>
<html lang="en">
<head>
    <meta charset="UTF-8">
    <meta name="viewport" content="width=device-width, initial-scale=1.0">
    <title>Reda | Online Store</title>


   <link rel="icon" href="img/icon.png"> 




     <!-- Link Swiper's CSS -->
  <link rel="stylesheet" href="https://cdn.jsdelivr.net/npm/swiper@11/swiper-bundle.min.css" />

     <link rel="stylesheet" href="https://cdnjs.cloudflare.com/ajax/libs/font-awesome/6.6.0/css/all.min.css">

         <!-- File CSS -->
         <link rel="stylesheet" href="CSS/style.css">
    </head>
<body>


    <div class="cart">
        <div class="top_cart">
            <h3>Cart Items : <span class="Count_item_cart">0</span></h3>
            <span onclick="open_close_cart()" class="close_cart"><i class="fa-regular fa-circle-xmark"></i></span>
        </div>


        <div class="items_in_cart" id="cart_items">



        </div>


        <div class="bottom_cart">
            <div class="total">
                <p>subtotal</p>
                <p class="price_cart_toral">$0</p>
            </div>

            <div class="button_cart">
                <a href="#" class="btn_cart btn">Checkout</a>
                <span onclick="open_close_cart()" class="btn_cart trans_bg btn">Shop More</span>
            </div>
        </div>

    </div>

    <header>
        <div class="top_header">
            <div class="container">
                <a href="#" class="logo"> <img src="img/logo.png" alt=""></a>

                <form action="" class="search_box">

                    <div class="select_box">
                        <select id="category" name="category">

                            <option value="All Categories">All Categories</option>
                            <option value="Electronics & Digita">Electronics & Digita</option>
                            <option value="Phones & Tablet">Phones & Tablety</option>
                            <option value="Fashion & Clothings">Fashion & Clothings</option>
                            <option value="Telivsion & Monitor">Telivsion & Monitor</option>
                            <option value="Jewelry & Watches">Jewelry & Watches</option>
                            <option value="Washing Machine">Washing Machine</option>
                            <option value="Toys & Hobbies">Toys & Hobbies</option>

                        </select>
                    </div>

                    <input type="text" name="search" id="search" placeholder="Search for Products" required>

                    <button type="submit">
                        <i class="fa-solid fa-magnifying-glass"></i>
                    </button>

                    

                </form>

                <div class="header_icons">
                    <div class="icon">
                        <a href="#">
                            <i class="fa-regular fa-heart"></i>
                            <span class="count count_favourite">0</span>
                        </a>
                    </div>

                    <div onclick="open_close_cart()" class="icon">
                        <i class="fa-solid fa-cart-shopping"></i>
                        <span class="count count_item_header">0</span>
                    </div>
                </div>
            </div>
        </div>


        <div class="bottom_header">
            <div class="container">
                <nav class="nav">

                    <span onclick="open_Menu()" class="open_menu"><i class="fa-solid fa-bars"></i></span>

                    <div class="category_nav">

                        <div onclick="Open_Categ_list()" class="category_btn">
                            <i class="fa-solid fa-bars"></i>
                            <p>Browse Category</p>
                            <i class="fa-solid fa-angle-down"></i>

                        </div>


                        <div class="category_nav_list">
                            <a href="#">Top 10 Offers</a>
                            <a href="#">Electronics & Digita</a>
                            <a href="#">Phones & Tablet</a>
                            <a href="#">Fashion & Clothings</a>
                            <a href="#">Telivsion & Monitor</a>
                            <a href="#">Jewelry & Watches</a>
                            <a href="#">Toys & Hobbies</a>
                        </div>

                    </div>

                    <ul class="nav_links">

                        <span onclick="open_Menu()" class="close_menu"><i class="fa-regular fa-circle-xmark"></i></span>

                        <li class="active"><a href="#">Home</a></li>
                        <li><a href="#">About</a></li>
                        <li><a href="#">Accesories</a></li>
                        <li><a href="#">Blog</a></li>
                        <li><a href="#">Contact</a></li>

                    </ul>

                </nav>

                <div class="login_signup btns">
                    <a href="#" class="btn">Login  <i class="fa-solid fa-right-to-bracket"></i></a>

                    <a href="#" class="btn">Sign UP <i class="fa-solid fa-user-plus"></i></a>
                </div>

            </div>
        </div>

        
    </header>


    <div class="slider">
        <div class="container">


            <!-- Swiper -->
            <div class="slide-swp mySwiper">

                <div class="swiper-wrapper">
                    <div class="swiper-slide">
                        <a href="#"><img src="img/banner_home1.png" alt=""></a>
                    </div>
                    <div class="swiper-slide">
                        <a href="#"><img src="img/banner_home2.png" alt=""></a>
                    </div>

                    
                </div>
                <div class="swiper-pagination"></div>

            </div>


            <div class="banner_2">
                <a href="#"><img src="img/banner_home3.png" alt=""></a>
            </div>

        </div>
    </div>




    <div class="banners_4">
        <div class="container">


            <div class="box">
                <a href="#" class="link_btn"></a>

                <img src="img/banner3_1.png" alt="">
                <div class="text">
                    <h5>Break Disc</h5>
                    <h5>deals on this</h5>

                    <div class="sale">
                        <p>Up <br> To</p>
                        <span>70%</span>
                    </div>

                    <h6>Shop Now</h6>

                </div>
            </div>


            
            <div class="box">
                <a href="#" class="link_btn"></a>

                <img src="img/banner3_2.png" alt="">
                <div class="text">
                    <h5>Break Disc</h5>
                    <h5>deals on this</h5>
                    <div class="sale">
                        <p>Up <br> To</p>
                        <span>70%</span>
                    </div>

                    <h6>Shop Now</h6>

                </div>
            </div>


            
            <div class="box">
                <a href="#" class="link_btn"></a>

                <img src="img/banner3_3.png" alt="">
                <div class="text">
                    <h5>Break Disc</h5>
                    <h5>deals on this</h5>
                    <div class="sale">
                        <p>Up <br> To</p>
                        <span>70%</span>
                    </div>

                    <h6>Shop Now</h6>

                </div>
            </div>


            
            <div class="box">
                <a href="#" class="link_btn"></a>

                <img src="img/banner3_4.png" alt="">
                <div class="text">
                    <h5>Break Disc</h5>
                    <h5>deals on this</h5>
                    <div class="sale">
                        <p>Up <br> To</p>
                        <span>70%</span>
    
                    </div>
                    <h6>Shop Now</h6>
                </div>
            </div>


        </div>
    </div>


    <div class="slider_products slide">

        <div class="container">

            <div class="slide_product mySwiper">

                <div class="top_slide">
                    <h2><i class="fa-solid fa-tags"></i> Hot Deals</h2>
                </div>
                
                <div class="products swiper-wrapper" id="swiper_items_sale">

             
                   



                </div>
                


                <div class="swiper-button-next btn_Swip"></div>
                <div class="swiper-button-prev btn_Swip"></div>
            </div>

        </div>
    </div>


    <div class="banners">
        <div class="container">
            <div class="banners_boxs banner_2_img">
                <a href="#" class="box"><img src="img/banner_box4.jpg" alt=""></a>
                <a href="#" class="box"><img src="img/banner_box5.jpg" alt=""></a>
            </div>
        </div>
    </div>


    <div class="slider_products slide">

        <div class="container">

            <div class="slide_product mySwiper">

                <div class="top_slide">
                    <h2><i class="fa-solid fa-tags"></i> Electronics</h2>
                </div>
                
                <div class="products swiper-wrapper" id="swiper_elctronics">

             
                   



                </div>
                


                <div class="swiper-button-next btn_Swip"></div>
                <div class="swiper-button-prev btn_Swip"></div>
            </div>

        </div>
    </div>


    <div class="slider_products slide">

        <div class="container">

            <div class="slide_product mySwiper">

                <div class="top_slide">
                    <h2><i class="fa-solid fa-tags"></i> Appliances</h2>
                </div>
                
                <div class="products swiper-wrapper" id="swiper_appliances">

             
                   



                </div>
                


                <div class="swiper-button-next btn_Swip"></div>
                <div class="swiper-button-prev btn_Swip"></div>
            </div>

        </div>
    </div>


    <div class="banners">
        <div class="container">
            <div class="banners_boxs banner_3_img">
                <a href="#" class="box"><img src="img/banner_box1.jpg" alt=""></a>
                <a href="#" class="box"><img src="img/banner_box2.jpg" alt=""></a>
                <a href="#" class="box"><img src="img/banner_box3.jpg" alt=""></a>
            </div>
        </div>
    </div>

    
    <div class="slider_products slide">

        <div class="container">

            <div class="slide_product mySwiper">

                <div class="top_slide">
                    <h2><i class="fa-solid fa-tags"></i> Mobiles</h2>
                </div>
                
                <div class="products swiper-wrapper" id="swiper_mobiles">

             
                   



                </div>
                


                <div class="swiper-button-next btn_Swip"></div>
                <div class="swiper-button-prev btn_Swip"></div>
            </div>

        </div>
    </div>

    

    <footer>
        <div class="container">

            <div class="big_row">
                <img class="logo_footer" src="img/white_logo.png" alt="">

                <p>Lorem ipsum, dolor sit amet consectetur adipisicing elit. Sequi, vero?</p>

                <div class="icons_footer">
                    <a href="#"><i class="fa-solid fa-phone"></i></a>
                    <a href="#"><i class="fa-brands fa-facebook-f"></i></a>
                    <a href="#"><i class="fa-brands fa-instagram"></i></a>
                    <a href="#"><i class="fa-brands fa-x-twitter"></i></a>
                </div>
            </div>

            <div class="row">
                <h4>Find It Fast</h4>

                <div class="links">
                    <a href="#"><i class="fa-solid fa-caret-right"></i> Laptops & Computers </a>
                    <a href="#"><i class="fa-solid fa-caret-right"></i> Smart Phones & Tablets</a>
                    <a href="#"><i class="fa-solid fa-caret-right"></i> TV & Audio</a>
                    <a href="#"><i class="fa-solid fa-caret-right"></i> Appliances</a>
                    <a href="#"><i class="fa-solid fa-caret-right"></i> Jewelry & Watches</a>
                </div>
            </div>


            <div class="row">
                <h4>Quick Links</h4>

                <div class="links">
                    <a href="#"><i class="fa-solid fa-caret-right"></i> Your Account </a>
                    <a href="#"><i class="fa-solid fa-caret-right"></i> Returns & Exchanges</a>
                    <a href="#"><i class="fa-solid fa-caret-right"></i> Shipping & Delivery</a>
                    <a href="#"><i class="fa-solid fa-caret-right"></i> Estimated Delivery Time</a>
                    <a href="#"><i class="fa-solid fa-caret-right"></i> Purchase Hisotry</a>
                </div>
            </div>


            <div class="row">
                <h4>Service us</h4>

                <div class="links">
                    <a href="#"><i class="fa-solid fa-caret-right"></i> Support Center</a>
                    <a href="#"><i class="fa-solid fa-caret-right"></i> Term & Conditions</a>
                    <a href="#"><i class="fa-solid fa-caret-right"></i> Privacy Policy</a>
                    <a href="#"><i class="fa-solid fa-caret-right"></i> Help</a>
                    <a href="#"><i class="fa-solid fa-caret-right"></i> FAQS</a>
                </div>
            </div>
        </div>

        <div class="bottom_footer">
            <div class="container">
                <p>&copy; <span>Reda Store.</span> All Rights Reserved.</p>

                <div class="payment_img">
                    <img src="img/payment_method.png" alt="">
                </div>
            </div>
        </div>
    </footer>






       <!-- Swiper JS -->
  <script src="https://cdn.jsdelivr.net/npm/swiper@11/swiper-bundle.min.js"></script>

      <!-- File JS -->
     
      <script src="JS/items_home.js"></script>
      <script src="JS/swiper.js"></script>
      <script src="JS/main.js"></script>
</body>
</html>